[2025-07-07T10:39:20.556Z] [WHAPI] Необработанная ошибка: SyntaxError: Bad escaped character in JSON at position 9
[2025-07-07T10:39:49.427Z] [WHAPI] Необработанная ошибка: SyntaxError: Bad escaped character in JSON at position 9
[2025-07-07T10:40:17.678Z] [WHAPI] Raw request body: {" phone\:\+79106000612\,\filePath\:\https://qbjcdftphxredexkwsui.supabase.co/storage/v1/object/public/checklists/1751882441466_Kak-izbezhat-blokirovki-scheta.pdf\,\caption\:\Test PDF\}
[2025-07-07T10:40:17.680Z] [WHAPI] JSON parse error: SyntaxError: Bad escaped character in JSON at position 9
[2025-07-07T10:44:38.381Z] [WHAPI] Необработанная ошибка: SyntaxError: Bad escaped character in JSON at position 9
[2025-07-07T10:47:58.652Z] [WHAPI] Начинаем отправку для номера: 79106000612
[2025-07-07T10:47:58.653Z] [WHAPI] URL файла: https://qbjcdftphxredexkwsui.supabase.co/storage/v1/object/public/checklists/1751882441466_Kak-izbezhat-blokirovki-scheta.pdf
[2025-07-07T10:47:59.004Z] [WHAPI] Файл доступен, статус: 200
[2025-07-07T10:47:59.005Z] [WHAPI] Отправляем запрос в WHAPI для номера: 79106000612
[2025-07-07T10:47:59.006Z] [WHAPI] Payload: {"to":"79106000612","media":"https://qbjcdftphxredexkwsui.supabase.co/storage/v1/object/public/checklists/1751882441466_Kak-izbezhat-blokirovki-scheta.pdf","caption":"Ваш подарок: Чек-лист с полезной информацией для вашего бизнеса"}
[2025-07-07T10:47:59.007Z] [WHAPI] Request body: {"to":"79106000612","media":"https://qbjcdftphxredexkwsui.supabase.co/storage/v1/object/public/checklists/1751882441466_Kak-izbezhat-blokirovki-scheta.pdf","caption":"Ваш подарок: Чек-лист с полезной информацией для вашего бизнеса"}
[2025-07-07T10:48:22.813Z] [WHAPI] Ответ от сервера: {"sent":true,"message":{"id":"Psqx5Vj6qqva8o0-wOwSaxXG5A","from_me":true,"type":"document","chat_id":"79106000612@s.whatsapp.net","timestamp":1751885302,"source":"api","device_id":22,"status":"pending","document":{"id":"pdf-3ecab1e558faaaabdaf28d-c0ec126b15c6e4","mime_type":"application/pdf","file_size":1473537,"sha256":"+vVtcrfIuaHEShG0bJThLZRILYK4vSGosYUJXb1wnos=","file_name":"file","caption":"Ваш подарок: Чек-лист с полезной информацией для вашего бизнеса","filename":"file"},"from":"79533301777"}}
[2025-07-07T10:48:22.814Z] [WHAPI] Статус: 200
[2025-07-07T10:48:22.814Z] [WHAPI] Успешно отправлено: {"sent":true,"message":{"id":"Psqx5Vj6qqva8o0-wOwSaxXG5A","from_me":true,"type":"document","chat_id":"79106000612@s.whatsapp.net","timestamp":1751885302,"source":"api","device_id":22,"status":"pending","document":{"id":"pdf-3ecab1e558faaaabdaf28d-c0ec126b15c6e4","mime_type":"application/pdf","file_size":1473537,"sha256":"+vVtcrfIuaHEShG0bJThLZRILYK4vSGosYUJXb1wnos=","file_name":"file","caption":"Ваш подарок: Чек-лист с полезной информацией для вашего бизнеса","filename":"file"},"from":"79533301777"}}
[2025-07-07T10:53:12.798Z] [WHAPI] Начинаем отправку для номера: 79106000612
[2025-07-07T10:53:12.799Z] [WHAPI] URL файла: https://qbjcdftphxredexkwsui.supabase.co/storage/v1/object/public/checklists/1751882441466_Kak-izbezhat-blokirovki-scheta.pdf
[2025-07-07T10:53:13.117Z] [WHAPI] Файл доступен, статус: 200
[2025-07-07T10:53:13.118Z] [WHAPI] Отправляем запрос в WHAPI для номера: 79106000612
[2025-07-07T10:53:13.119Z] [WHAPI] Payload: {"to":"79106000612","media":"https://qbjcdftphxredexkwsui.supabase.co/storage/v1/object/public/checklists/1751882441466_Kak-izbezhat-blokirovki-scheta.pdf","caption":"Ваш подарок: Чек-лист с полезной информацией для вашего бизнеса"}
[2025-07-07T10:53:13.120Z] [WHAPI] Request body: {"to":"79106000612","media":"https://qbjcdftphxredexkwsui.supabase.co/storage/v1/object/public/checklists/1751882441466_Kak-izbezhat-blokirovki-scheta.pdf","caption":"Ваш подарок: Чек-лист с полезной информацией для вашего бизнеса"}
[2025-07-07T10:53:13.703Z] [WHAPI] Ответ от сервера: {"sent":true,"message":{"id":"PsqHuCq4HgssRs4-wOYSaxXG5A","from_me":true,"type":"document","chat_id":"79106000612@s.whatsapp.net","timestamp":1751885593,"source":"api","device_id":22,"status":"pending","document":{"id":"pdf-3eca87b82ab81e0b2c46ce-c0e6126b15c6e4","mime_type":"application/pdf","file_size":1473537,"sha256":"+vVtcrfIuaHEShG0bJThLZRILYK4vSGosYUJXb1wnos=","file_name":"file","caption":"Ваш подарок: Чек-лист с полезной информацией для вашего бизнеса","filename":"file"},"from":"79533301777"}}
[2025-07-07T10:53:13.704Z] [WHAPI] Статус: 200
[2025-07-07T10:53:13.706Z] [WHAPI] Успешно отправлено: {"sent":true,"message":{"id":"PsqHuCq4HgssRs4-wOYSaxXG5A","from_me":true,"type":"document","chat_id":"79106000612@s.whatsapp.net","timestamp":1751885593,"source":"api","device_id":22,"status":"pending","document":{"id":"pdf-3eca87b82ab81e0b2c46ce-c0e6126b15c6e4","mime_type":"application/pdf","file_size":1473537,"sha256":"+vVtcrfIuaHEShG0bJThLZRILYK4vSGosYUJXb1wnos=","file_name":"file","caption":"Ваш подарок: Чек-лист с полезной информацией для вашего бизнеса","filename":"file"},"from":"79533301777"}}
[2025-07-07T10:54:26.689Z] [WHAPI] Начинаем отправку для номера: 79106000612
[2025-07-07T10:54:26.691Z] [WHAPI] URL файла: https://qbjcdftphxredexkwsui.supabase.co/storage/v1/object/public/checklists/1751882441466_Kak-izbezhat-blokirovki-scheta.pdf
[2025-07-07T10:54:27.038Z] [WHAPI] Файл доступен, статус: 200
[2025-07-07T10:54:27.039Z] [WHAPI] Отправляем запрос в WHAPI для номера: 79106000612
[2025-07-07T10:54:27.040Z] [WHAPI] Payload: {"to":"79106000612","media":"https://qbjcdftphxredexkwsui.supabase.co/storage/v1/object/public/checklists/1751882441466_Kak-izbezhat-blokirovki-scheta.pdf","caption":"Ваш подарок: Чек-лист с полезной информацией для вашего бизнеса"}
[2025-07-07T10:54:27.041Z] [WHAPI] Request body: {"to":"79106000612","media":"https://qbjcdftphxredexkwsui.supabase.co/storage/v1/object/public/checklists/1751882441466_Kak-izbezhat-blokirovki-scheta.pdf","caption":"Ваш подарок: Чек-лист с полезной информацией для вашего бизнеса"}
[2025-07-07T10:54:27.710Z] [WHAPI] Ответ от сервера: {"sent":true,"message":{"id":"Pso0veOyJCGYLLk-wEMSaxXG5A","from_me":true,"type":"document","chat_id":"79106000612@s.whatsapp.net","timestamp":1751885667,"source":"api","device_id":22,"status":"pending","document":{"id":"pdf-3eca34bde3b22421982cb9-c043126b15c6e4","mime_type":"application/pdf","file_size":1473537,"sha256":"+vVtcrfIuaHEShG0bJThLZRILYK4vSGosYUJXb1wnos=","file_name":"file","caption":"Ваш подарок: Чек-лист с полезной информацией для вашего бизнеса","filename":"file"},"from":"79533301777"}}
[2025-07-07T10:54:27.711Z] [WHAPI] Статус: 200
[2025-07-07T10:54:27.713Z] [WHAPI] Успешно отправлено: {"sent":true,"message":{"id":"Pso0veOyJCGYLLk-wEMSaxXG5A","from_me":true,"type":"document","chat_id":"79106000612@s.whatsapp.net","timestamp":1751885667,"source":"api","device_id":22,"status":"pending","document":{"id":"pdf-3eca34bde3b22421982cb9-c043126b15c6e4","mime_type":"application/pdf","file_size":1473537,"sha256":"+vVtcrfIuaHEShG0bJThLZRILYK4vSGosYUJXb1wnos=","file_name":"file","caption":"Ваш подарок: Чек-лист с полезной информацией для вашего бизнеса","filename":"file"},"from":"79533301777"}}
[2025-07-07T11:09:29.567Z] [WHAPI] Начинаем отправку для номера: 79106000612
[2025-07-07T11:09:29.569Z] [WHAPI] URL файла: https://qbjcdftphxredexkwsui.supabase.co/storage/v1/object/public/checklists/1751882441466_Kak-izbezhat-blokirovki-scheta.pdf
[2025-07-07T11:09:29.999Z] [WHAPI] Файл доступен, статус: 200
[2025-07-07T11:09:30.000Z] [WHAPI] Отправляем запрос в WHAPI для номера: 79106000612
[2025-07-07T11:09:30.001Z] [WHAPI] Payload: {"to":"79106000612","media":"https://qbjcdftphxredexkwsui.supabase.co/storage/v1/object/public/checklists/1751882441466_Kak-izbezhat-blokirovki-scheta.pdf","caption":"Ваш подарок: Чек-лист с полезной информацией для вашего бизнеса"}
[2025-07-07T11:09:30.002Z] [WHAPI] Request body: {"to":"79106000612","media":"https://qbjcdftphxredexkwsui.supabase.co/storage/v1/object/public/checklists/1751882441466_Kak-izbezhat-blokirovki-scheta.pdf","caption":"Ваш подарок: Чек-лист с полезной информацией для вашего бизнеса"}
[2025-07-07T11:09:30.483Z] [WHAPI] Ответ от сервера: {"sent":true,"message":{"id":"PsqkDxauhdLx53w-wIoSaxXG5A","from_me":true,"type":"document","chat_id":"79106000612@s.whatsapp.net","timestamp":1751886570,"source":"api","device_id":22,"status":"pending","document":{"id":"pdf-3ecaa40f16ae85d2f1e77c-c08a126b15c6e4","mime_type":"application/pdf","file_size":1473537,"sha256":"+vVtcrfIuaHEShG0bJThLZRILYK4vSGosYUJXb1wnos=","file_name":"file","caption":"Ваш подарок: Чек-лист с полезной информацией для вашего бизнеса","filename":"file"},"from":"79533301777"}}
[2025-07-07T11:09:30.484Z] [WHAPI] Статус: 200
[2025-07-07T11:09:30.485Z] [WHAPI] Успешно отправлено: {"sent":true,"message":{"id":"PsqkDxauhdLx53w-wIoSaxXG5A","from_me":true,"type":"document","chat_id":"79106000612@s.whatsapp.net","timestamp":1751886570,"source":"api","device_id":22,"status":"pending","document":{"id":"pdf-3ecaa40f16ae85d2f1e77c-c08a126b15c6e4","mime_type":"application/pdf","file_size":1473537,"sha256":"+vVtcrfIuaHEShG0bJThLZRILYK4vSGosYUJXb1wnos=","file_name":"file","caption":"Ваш подарок: Чек-лист с полезной информацией для вашего бизнеса","filename":"file"},"from":"79533301777"}}
